IOR-4.1.0+dev: MPI Coordinated Test of Parallel I/O
Began               : Mon Jun  3 10:42:46 2024
Command line        : /thfs3/home/xjtu_cx/hugo/ior-main-0/bin/ior -t 1m -b 8m -s 1 -C -v -v -v -a MPIIO --mpiio.showHints
Machine             : Linux cn6765 5.4.0-65-mt+ #373 SMP Wed Mar 8 14:39:45 CST 2023 aarch64
STARTING ENVIRON LOOP
LESSOPEN=| /usr/bin/lesspipe %s
LIBRARY_PATH=/thfs3/software/hdf5/1.10.7-gcc9.3.0-mpi-x/lib:/thfs3/software/mpich/mpi-x-gcc9.3.0/lib:/thfs3/software/zlib/1.2.11-gcc9.3.0/lib:/thfs3/software/gcc/9.3.0/lib64:/thfs3/software/gcc/9.3.0/lib
UCX_GLEX_EP_HC_MR=y
C_INCLUDE_PATH=/thfs3/software/hdf5/1.10.7-gcc9.3.0-mpi-x/include:/thfs3/software/mpich/mpi-x-gcc9.3.0/include:/thfs3/software/zlib/1.2.11-gcc9.3.0/include
USER=xjtu_cx
SSH_CLIENT=10.100.100.2 63223 22
LC_TIME=en_DK.UTF-8
SLURM_JOBID=2664530
SLURM_JOB_USER=xjtu_cx
SLURM_SRUN_REDUCE_TASK_EXIT_MSG=1
XDG_SESSION_TYPE=tty
GIT_ASKPASS=/thfs3/home/xjtu_cx/.vscode-server/cli/servers/Stable-dc96b837cf6bb4af9cd736aa3af08cf8279f7685/server/extensions/git/dist/askpass.sh
HOSTNAME=cn6765
SLURM_JOB_QOS=Added as default
SHLVL=2
LD_LIBRARY_PATH=/thfs3/software/hdf5/1.10.7-gcc9.3.0-mpi-x/lib:/thfs3/software/mpich/mpi-x-gcc9.3.0/lib:/thfs3/software/zlib/1.2.11-gcc9.3.0/lib:/thfs3/software/gcc/9.3.0/lib64:/thfs3/software/gcc/9.3.0/lib:/usr/local/openssl/lib
BROWSER=/thfs3/home/xjtu_cx/.vscode-server/cli/servers/Stable-dc96b837cf6bb4af9cd736aa3af08cf8279f7685/server/bin/helpers/browser.sh
SLURM_JOB_NUM_NODES=1
MOTD_SHOWN=pam
HOME=/thfs3/home/xjtu_cx
OLDPWD=/thfs3/home/xjtu_cx/hugo/test/HPC-IO-Modeling/tests/unit/Config_and_Test
SLURM_TASKS_PER_NODE=16
TERM_PROGRAM_VERSION=1.89.1
VSCODE_IPC_HOOK_CLI=/run/user/11568/vscode-ipc-a5528318-af21-4602-9c86-a417c53a104c.sock
ENVIRONMENT=BATCH
SLURM_TOPOLOGY_ADDR_PATTERN=node
NSS_YHPC_GROUP=AAAALzAtAhUAqgdyzNir462FjlqT/Z4AWTU0F10CFBjmvFJ/chsd0upvdDMpeYHg/1JqMTp4anR1X2N4OjEwODg5
VSCODE_GIT_ASKPASS_MAIN=/thfs3/home/xjtu_cx/.vscode-server/cli/servers/Stable-dc96b837cf6bb4af9cd736aa3af08cf8279f7685/server/extensions/git/dist/askpass-main.js
SLURM_PRIO_PROCESS=0
SLURM_WORKING_CLUSTER=cluster2:mn6:30000:9216:101
VSCODE_GIT_ASKPASS_NODE=/thfs3/home/xjtu_cx/.vscode-server/cli/servers/Stable-dc96b837cf6bb4af9cd736aa3af08cf8279f7685/server/node
SSL_CERT_FILE=/usr/lib/ssl/certs/ca-certificates.crt
_LMFILES_=/thfs3/software/modulefiles/Compilers/GCC/9.3.0:/thfs3/software/modulefiles/Libraries/zlib/1.2.11-gcc9.3.0:/thfs3/software/modulefiles/Compilers/mpich/mpi-x-gcc9.3.0:/thfs3/software/modulefiles/IO_tools/hdf5/1.10.7-gcc9.3.0-mpi-x
DBUS_SESSION_BUS_ADDRESS=unix:path=/run/user/11568/bus
SLURM_JOB_NAME=slurm_shell
SLURM_JOB_CPUS_PER_NODE=16
COLORTERM=truecolor
SLURM_JOB_GID=10889
SLURM_JOB_ACCOUNT=xjtu_cx
SLURM_CPUS_ON_NODE=16
SLURM_PROCID=0
https_proxy=http://192.168.2.41:3128
SLURM_CONF=/etc/slurm/slurm.conf
TMPDIR=/tmp
LOGNAME=xjtu_cx
http_proxy=http://192.168.2.41:3128
_=/bin/python
SLURM_SUBMIT_HOST=cn6765
PKG_CONFIG_PATH=/thfs3/software/hdf5/1.10.7-gcc9.3.0-mpi-x/lib/pkgconfig:/thfs3/software/mpich/mpi-x-gcc9.3.0/lib/pkgconfig:/thfs3/software/zlib/1.2.11-gcc9.3.0/lib/pkgconfig
XDG_SESSION_CLASS=user
TERM=xterm-256color
XDG_SESSION_ID=51323
SLURM_NODELIST=cn6765
SLURM_JOB_ID=2664530
SLURM_NNODES=1
SLURM_JOB_NODELIST=cn6765
SLURMD_NODENAME=cn6765
PATH=/thfs3/home/xjtu_cx/.local/bin:/thfs3/home/xjtu_cx/.vscode-server/cli/servers/Stable-dc96b837cf6bb4af9cd736aa3af08cf8279f7685/server/bin/remote-cli:/thfs3/home/xjtu_cx/.local/bin:/thfs3/software/hdf5/1.10.7-gcc9.3.0-mpi-x/bin:/thfs3/software/mpich/mpi-x-gcc9.3.0/bin:/thfs3/software/zlib/1.2.11-gcc9.3.0/bin:/thfs3/software/gcc/9.3.0/bin:/thfs3/home/xjtu_cx/.local/bin:/usr/local/sbin:/usr/local/bin:/usr/sbin:/usr/bin:/sbin:/bin:/usr/games:/usr/local/games:/snap/bin:/usr/local/openssl/bin:/thfs3/software/th-tools/thTools:/thfs3/home/xjtu_cx/cx/scorep/bin:/thfs3/home/xjtu_cx/cx/scorep/bin
CXX_INCLUDE_PATH=/thfs3/software/hdf5/1.10.7-gcc9.3.0-mpi-x/include:/thfs3/software/mpich/mpi-x-gcc9.3.0/include:/thfs3/software/zlib/1.2.11-gcc9.3.0/include
SLURM_GTIDS=0,1,2,3,4,5,6,7,8,9,10,11,12,13,14,15
XDG_RUNTIME_DIR=/run/user/11568
SSL_CERT_DIR=/usr/local/ssl/certs
LANG=en_US.UTF-8
PYTHONSTARTUP=/thfs3/home/xjtu_cx/.vscode-server/extensions/ms-python.python-2024.7.11361010/python_files/pythonrc.py
SLURM_DISTRIBUTION=block:block
LS_COLORS=rs=0:di=01;34:ln=01;36:mh=00:pi=40;33:so=01;35:do=01;35:bd=40;33;01:cd=40;33;01:or=40;31;01:mi=00:su=37;41:sg=30;43:ca=30;41:tw=30;42:ow=34;42:st=37;44:ex=01;32:*.tar=01;31:*.tgz=01;31:*.arc=01;31:*.arj=01;31:*.taz=01;31:*.lha=01;31:*.lz4=01;31:*.lzh=01;31:*.lzma=01;31:*.tlz=01;31:*.txz=01;31:*.tzo=01;31:*.t7z=01;31:*.zip=01;31:*.z=01;31:*.dz=01;31:*.gz=01;31:*.lrz=01;31:*.lz=01;31:*.lzo=01;31:*.xz=01;31:*.zst=01;31:*.tzst=01;31:*.bz2=01;31:*.bz=01;31:*.tbz=01;31:*.tbz2=01;31:*.tz=01;31:*.deb=01;31:*.rpm=01;31:*.jar=01;31:*.war=01;31:*.ear=01;31:*.sar=01;31:*.rar=01;31:*.alz=01;31:*.ace=01;31:*.zoo=01;31:*.cpio=01;31:*.7z=01;31:*.rz=01;31:*.cab=01;31:*.wim=01;31:*.swm=01;31:*.dwm=01;31:*.esd=01;31:*.jpg=01;35:*.jpeg=01;35:*.mjpg=01;35:*.mjpeg=01;35:*.gif=01;35:*.bmp=01;35:*.pbm=01;35:*.pgm=01;35:*.ppm=01;35:*.tga=01;35:*.xbm=01;35:*.xpm=01;35:*.tif=01;35:*.tiff=01;35:*.png=01;35:*.svg=01;35:*.svgz=01;35:*.mng=01;35:*.pcx=01;35:*.mov=01;35:*.mpg=01;35:*.mpeg=01;35:*.m2v=01;35:*.mkv=01;35:*.webm=01;35:*.ogm=01;35:*.mp4=01;35:*.m4v=01;35:*.mp4v=01;35:*.vob=01;35:*.qt=01;35:*.nuv=01;35:*.wmv=01;35:*.asf=01;35:*.rm=01;35:*.rmvb=01;35:*.flc=01;35:*.avi=01;35:*.fli=01;35:*.flv=01;35:*.gl=01;35:*.dl=01;35:*.xcf=01;35:*.xwd=01;35:*.yuv=01;35:*.cgm=01;35:*.emf=01;35:*.ogv=01;35:*.ogx=01;35:*.aac=00;36:*.au=00;36:*.flac=00;36:*.m4a=00;36:*.mid=00;36:*.midi=00;36:*.mka=00;36:*.mp3=00;36:*.mpc=00;36:*.ogg=00;36:*.ra=00;36:*.wav=00;36:*.oga=00;36:*.opus=00;36:*.spx=00;36:*.xspf=00;36:
VSCODE_GIT_IPC_HANDLE=/run/user/11568/vscode-git-05d1d8809d.sock
TERM_PROGRAM=vscode
SLURM_CLUSTER_NAME=cluster2
SLURM_JOB_UID=11568
SHELL=/bin/bash
UCX_TLS=glex
SLURM_UNBUFFEREDIO=1
LESSCLOSE=/usr/bin/lesspipe %s %s
SLURM_LOCALID=0
MODULE_VERSION=3.2.10
SLURM_JOB_PARTITION=thcp3
MODULE_VERSION_STACK=3.2.10
SLURM_TASK_PID=2783698
VSCODE_GIT_ASKPASS_EXTRA_ARGS=
PWD=/thfs3/home/xjtu_cx/hugo/test/HPC-IO-Modeling/tests/unit/Config_and_Test
LOADEDMODULES=GCC/9.3.0:zlib/1.2.11-gcc9.3.0:mpich/mpi-x-gcc9.3.0:hdf5/1.10.7-gcc9.3.0-mpi-x
LC_ALL=en_US.UTF-8
SLURM_TOPOLOGY_ADDR=cn6765
SSH_CONNECTION=10.100.100.2 63223 192.168.10.21 22
XDG_DATA_DIRS=/usr/local/share:/usr/share:/var/lib/snapd/desktop
CPATH=/thfs3/software/hdf5/1.10.7-gcc9.3.0-mpi-x/include:/thfs3/software/mpich/mpi-x-gcc9.3.0/include:/thfs3/software/zlib/1.2.11-gcc9.3.0/include:/thfs3/software/gcc/9.3.0/include
MANPATH=/thfs3/software/gcc/9.3.0/share/man:/usr/share/man
SLURM_STEP_KILLED_MSG_NODE_ID=0
MODULEPATH=/thfs3/software/modulefiles/Applications:/thfs3/software/modulefiles/Compilers:/thfs3/software/modulefiles/Graphics:/thfs3/software/modulefiles/IO_tools:/thfs3/software/modulefiles/Libraries:/thfs3/software/modulefiles/Profiling_tools:/thfs3/software/modulefiles/Environment:/thfs3/software/modulefiles/Tools:/thfs3/software/modulefiles/Proxy
NSS_YHPC_PASSWD=AAAALjAsAhR9PddM2PQsePnnV0qfSL+uiZ0cKgIUQSHH5Tbb5Hz8pAv2HH982VhVa7l4anR1X2N4Ong6MTE1Njg6MTA4ODk6eGp0dV9jeDovdGhmczMvaG9tZS94anR1X2N4Oi9iaW4vYmFzaA==
MODULESHOME=/thfs3/software/modules/3.2.10-gcc9.3.0/Modules/3.2.10
SLURM_SUBMIT_DIR=/thfs3/home/xjtu_cx/hugo/test/HPC-IO-Modeling/tests/unit/Config_and_Test
SLURM_NODE_ALIASES=(null)
SLURM_NODEID=0
SLURM_MPI_TYPE=pmix
SRUN_DEBUG=3
SLURM_UMASK=0002
SLURM_JOB_CPUS_PER_NODE_PACK_GROUP_0=16
SLURM_NTASKS=16
SLURM_NPROCS=16
SLURM_DIST_LLLP=block
SLURM_STEP_ID=0
SLURM_STEPID=0
SLURM_SRUN_COMM_PORT=32391
SLURM_STEP_NODELIST=cn6765
SLURM_STEP_NUM_NODES=1
SLURM_STEP_NUM_TASKS=16
SLURM_STEP_TASKS_PER_NODE=16
SLURM_STEP_LAUNCHER_PORT=32391
SLURM_PMIXP_ABORT_AGENT_PORT=10279
SLURM_PMIX_MAPPING_SERV=(vector,(0,1,16))
SLURM_SRUN_COMM_HOST=12.0.211.165
SLURM_CPU_BIND=quiet,mask_cpu:0x0001,0x0002,0x0004,0x0008,0x0010,0x0020,0x0040,0x0080,0x0100,0x0200,0x0400,0x0800,0x1000,0x2000,0x4000,0x8000
SLURM_CPU_BIND_LIST=0x0001,0x0002,0x0004,0x0008,0x0010,0x0020,0x0040,0x0080,0x0100,0x0200,0x0400,0x0800,0x1000,0x2000,0x4000,0x8000
SLURM_CPU_BIND_TYPE=mask_cpu:
SLURM_CPU_BIND_VERBOSE=quiet
SLURM_LAUNCH_NODE_IPADDR=12.0.211.165
PMIX_NAMESPACE=slurm.pmix.2664530.0
PMIX_RANK=0
PMIX_SERVER_URI3=pmix-server.2783689;tcp4://127.0.0.1:64911
PMIX_SERVER_URI2=pmix-server.2783689;tcp4://127.0.0.1:64911
PMIX_SERVER_URI21=pmix-server.2783689;tcp4://127.0.0.1:64911
PMIX_SECURITY_MODE=native
PMIX_PTL_MODULE=tcp,usock
PMIX_BFROP_BUFFER_TYPE=PMIX_BFROP_BUFFER_NON_DESC
PMIX_GDS_MODULE=ds21,ds12,hash
PMIX_SERVER_TMPDIR=/tmp/slurmd/pmix.2664530.0/
PMIX_SYSTEM_TMPDIR=/tmp
PMIX_DSTORE_21_BASE_PATH=/tmp/slurmd/pmix.2664530.0//pmix_dstor_ds21_2783689
PMIX_DSTORE_ESH_BASE_PATH=/tmp/slurmd/pmix.2664530.0//pmix_dstor_ds12_2783689
PMIX_HOSTNAME=cn6765
PMIX_VERSION=3.2.3
PMIX_MCA_ptl=tcp,usock
PMIX_MCA_psec=native
PMIX_MCA_gds=ds21,ds12,hash
ENDING ENVIRON LOOP
TestID              : 0
StartTime           : Mon Jun  3 10:42:46 2024
Path                : testFile
FS                  : 9881.7 TiB   Used FS: 1.6%   Inodes: 8192.0 Mi   Used Inodes: 0.6%

Parameters: 
testID              : 0
refnum              : 0
api                 : MPIIO
platform            : cn(Linux)
testFileName        : testFile
deadlineForStonewall: 0
stoneWallingWearOut : 0
maxTimeDuration     : 0
outlierThreshold    : 0
options             : (null)
dryRun              : 0
nodes               : 16
memoryPerTask       : 0
memoryPerNode       : 0
tasksPerNode        : 1
repetitions         : 1
multiFile           : 0
interTestDelay      : 0
fsync               : 0
fsyncperwrite       : 0
useExistingTestFile : 0
uniqueDir           : 0
singleXferAttempt   : 0
readFile            : 1
writeFile           : 1
filePerProc         : 0
reorderTasks        : 1
reorderTasksRandom  : 0
reorderTasksRandomSeed: 0
randomOffset        : 0
checkWrite          : 0
checkRead           : 0
dataPacketType      : 0
keepFile            : 0
keepFileWithError   : 0
warningAsErrors     : 0
verbose             : 3
data packet type    : g
setTimeStampSignature/incompressibleSeed: 0
collective          : 0
segmentCount        : 1
transferSize        : 1048576
blockSize           : 8388608
Participating tasks : 16
Using reorderTasks '-C' (useful to avoid read cache in client)

Options: 
api                 : MPIIO
apiVersion          : (3.1)
test filename       : testFile
access              : single-shared-file
type                : independent
segments            : 1
ordering in a file  : sequential
ordering inter file : constant task offset
task offset         : 1
nodes               : 16
tasks               : 16
clients per node    : 1
memoryBuffer        : CPU
dataAccess          : CPU
GPUDirect           : 0
repetitions         : 1
xfersize            : 1 MiB
blocksize           : 8 MiB
aggregate filesize  : 128 MiB
verbose             : 3

Results: 
Using Time Stamp 1717382566 (0x665d2da6) for Data Signature

access    bw(MiB/s)  IOPS       Latency(s)  block(KiB) xfer(KiB)  open(s)    wr/rd(s)   close(s)   total(s)   iter
------    ---------  ----       ----------  ---------- ---------  --------   --------   --------   --------   ----
task 0 writing testFile
task 2 writing testFile
task 3 writing testFile
task 8 writing testFile
task 9 writing testFile
task 10 writing testFile
task 11 writing testFile
task 12 writing testFile
task 13 writing testFile
task 14 writing testFile
task 15 writing testFile
task 1 writing testFile
task 5 writing testFile
task 6 writing testFile
task 7 writing testFile
task 4 writing testFile

hints passed to MPI_File_open() {
}

hints returned from opened file {
	direct_read = false
	direct_write = false
	romio_lustre_co_ratio = 1
	romio_lustre_coll_threshold = 0
	romio_lustre_ds_in_coll = enable
	cb_buffer_size = 16777216
	romio_cb_read = automatic
	romio_cb_write = automatic
	cb_nodes = 1
	romio_no_indep_rw = false
	romio_cb_pfr = disable
	romio_cb_fr_types = aar
	romio_cb_fr_alignment = 1
	romio_cb_ds_threshold = 0
	romio_cb_alltoall = automatic
	ind_rd_buffer_size = 4194304
	ind_wr_buffer_size = 524288
	romio_ds_read = automatic
	romio_ds_write = automatic
	cb_config_list = *:1
	romio_filesystem_type = LUSTRE:
	romio_aggregator_list = 0 
	striping_unit = 1048576
	striping_factor = 1
	romio_lustre_start_iodevice = 0
}
Commencing write performance test: Mon Jun  3 10:42:46 2024
Test 0: Iter=0, Task=0, Time=1717382566.708740, write open start
Test 0: Iter=0, Task=0, Time=1717382566.846453, write open stop
Test 0: Iter=0, Task=0, Time=1717382566.846484, write start
Test 0: Iter=0, Task=0, Time=1717382567.000406, write stop
Test 0: Iter=0, Task=0, Time=1717382567.000406, write close start
Test 0: Iter=0, Task=0, Time=1717382567.051523, write close stop
Test 0: Iter=0, Task=1, Time=1717382566.709012, write open start
Test 0: Iter=0, Task=1, Time=1717382566.846309, write open stop
Test 0: Iter=0, Task=1, Time=1717382566.846309, write start
Test 0: Iter=0, Task=1, Time=1717382566.955796, write stop
Test 0: Iter=0, Task=1, Time=1717382566.955797, write close start
Test 0: Iter=0, Task=1, Time=1717382567.005783, write close stop
Test 0: Iter=0, Task=2, Time=1717382566.708747, write open start
Test 0: Iter=0, Task=2, Time=1717382566.846305, write open stop
Test 0: Iter=0, Task=2, Time=1717382566.846306, write start
Test 0: Iter=0, Task=2, Time=1717382566.977296, write stop
Test 0: Iter=0, Task=2, Time=1717382566.977296, write close start
Test 0: Iter=0, Task=2, Time=1717382567.005691, write close stop
Test 0: Iter=0, Task=3, Time=1717382566.709098, write open start
Test 0: Iter=0, Task=3, Time=1717382566.846311, write open stop
Test 0: Iter=0, Task=3, Time=1717382566.846311, write start
Test 0: Iter=0, Task=3, Time=1717382566.930125, write stop
Test 0: Iter=0, Task=3, Time=1717382566.930125, write close start
Test 0: Iter=0, Task=3, Time=1717382567.005857, write close stop
task 3 reading testFile
Test 0: Iter=0, Task=4, Time=1717382566.708862, write open start
Test 0: Iter=0, Task=4, Time=1717382566.846305, write open stop
Test 0: Iter=0, Task=4, Time=1717382566.846305, write start
Test 0: Iter=0, Task=4, Time=1717382566.959216, write stop
Test 0: Iter=0, Task=4, Time=1717382566.959216, write close start
Test 0: Iter=0, Task=4, Time=1717382567.005738, write close stop
Test 0: Iter=0, Task=5, Time=1717382566.709019, write open start
Test 0: Iter=0, Task=5, Time=1717382566.846312, write open stop
Test 0: Iter=0, Task=5, Time=1717382566.846312, write start
Test 0: Iter=0, Task=5, Time=1717382566.975282, write stop
Test 0: Iter=0, Task=5, Time=1717382566.975282, write close start
Test 0: Iter=0, Task=5, Time=1717382567.005726, write close stop
task 5 reading testFile
Test 0: Iter=0, Task=6, Time=1717382566.708753, write open start
Test 0: Iter=0, Task=6, Time=1717382566.846314, write open stop
Test 0: Iter=0, Task=6, Time=1717382566.846314, write start
Test 0: Iter=0, Task=6, Time=1717382566.976113, write stop
Test 0: Iter=0, Task=6, Time=1717382566.976113, write close start
Test 0: Iter=0, Task=6, Time=1717382567.005702, write close stop
Test 0: Iter=0, Task=7, Time=1717382566.709092, write open start
Test 0: Iter=0, Task=8, Time=1717382566.708736, write open start
Test 0: Iter=0, Task=8, Time=1717382566.846309, write open stop
Test 0: Iter=0, Task=8, Time=1717382566.846310, write start
Test 0: Iter=0, Task=8, Time=1717382566.975064, write stop
Test 0: Iter=0, Task=8, Time=1717382566.975064, write close start
Test 0: Iter=0, Task=8, Time=1717382567.058219, write close stop
Test 0: Iter=0, Task=9, Time=1717382566.709008, write open start
Test 0: Iter=0, Task=9, Time=1717382566.846316, write open stop
Test 0: Iter=0, Task=9, Time=1717382566.846317, write start
Test 0: Iter=0, Task=9, Time=1717382567.005423, write stop
Test 0: Iter=0, Task=9, Time=1717382567.005424, write close start
Test 0: Iter=0, Task=9, Time=1717382567.005711, write close stop
task 9 reading testFile
Test 0: Iter=0, Task=10, Time=1717382566.708744, write open start
Test 0: Iter=0, Task=10, Time=1717382566.846314, write open stop
Test 0: Iter=0, Task=10, Time=1717382566.846315, write start
Test 0: Iter=0, Task=10, Time=1717382566.970691, write stop
Test 0: Iter=0, Task=10, Time=1717382566.970691, write close start
Test 0: Iter=0, Task=10, Time=1717382567.005663, write close stop
task 10 reading testFile
Test 0: Iter=0, Task=11, Time=1717382566.709095, write open start
Test 0: Iter=0, Task=11, Time=1717382566.846319, write open stop
Test 0: Iter=0, Task=11, Time=1717382566.846319, write start
Test 0: Iter=0, Task=11, Time=1717382566.963805, write stop
Test 0: Iter=0, Task=11, Time=1717382566.963805, write close start
Test 0: Iter=0, Task=11, Time=1717382567.005772, write close stop
task 11 reading testFile
Test 0: Iter=0, Task=12, Time=1717382566.708741, write open start
Test 0: Iter=0, Task=12, Time=1717382566.846312, write open stop
Test 0: Iter=0, Task=12, Time=1717382566.846313, write start
Test 0: Iter=0, Task=12, Time=1717382566.952964, write stop
Test 0: Iter=0, Task=12, Time=1717382566.952964, write close start
Test 0: Iter=0, Task=12, Time=1717382567.005752, write close stop
Test 0: Iter=0, Task=13, Time=1717382566.709013, write open start
Test 0: Iter=0, Task=13, Time=1717382566.846314, write open stop
Test 0: Iter=0, Task=13, Time=1717382566.846315, write start
Test 0: Iter=0, Task=13, Time=1717382566.970787, write stop
Test 0: Iter=0, Task=13, Time=1717382566.970787, write close start
Test 0: Iter=0, Task=13, Time=1717382567.005775, write close stop
task 13 reading testFile
Test 0: Iter=0, Task=14, Time=1717382566.708748, write open start
Test 0: Iter=0, Task=14, Time=1717382566.846315, write open stop
Test 0: Iter=0, Task=14, Time=1717382566.846316, write start
Test 0: Iter=0, Task=14, Time=1717382566.962373, write stop
Test 0: Iter=0, Task=14, Time=1717382566.962373, write close start
Test 0: Iter=0, Task=14, Time=1717382567.005706, write close stop
Test 0: Iter=0, Task=15, Time=1717382566.709094, write open start
Test 0: Iter=0, Task=15, Time=1717382566.846321, write open stop
Test 0: Iter=0, Task=15, Time=1717382566.846321, write start
Test 0: Iter=0, Task=15, Time=1717382566.962331, write stop
Test 0: Iter=0, Task=15, Time=1717382566.962331, write close start
Test 0: Iter=0, Task=15, Time=1717382567.005716, write close stop
task 1 reading testFile
task 2 reading testFile
task 8 reading testFile
task 12 reading testFile
task 14 reading testFile
task 15 reading testFile
Test 0: Iter=0, Task=7, Time=1717382566.846315, write open stop
Test 0: Iter=0, Task=7, Time=1717382566.846315, write start
Test 0: Iter=0, Task=7, Time=1717382566.970855, write stop
Test 0: Iter=0, Task=7, Time=1717382566.970856, write close start
Test 0: Iter=0, Task=7, Time=1717382567.005832, write close stop
task 6 reading testFile
task 7 reading testFile
write     366.26     804.43     0.019240    8192       1024.00    0.137717   0.159118   0.128094   0.349483   0   
task 0 reading testFile
task 4 reading testFile

hints passed to MPI_File_open() {
}

hints returned from opened file {
	direct_read = false
	direct_write = false
	romio_lustre_co_ratio = 1
	romio_lustre_coll_threshold = 0
	romio_lustre_ds_in_coll = enable
	cb_buffer_size = 16777216
	romio_cb_read = automatic
	romio_cb_write = automatic
	cb_nodes = 1
	romio_no_indep_rw = false
	romio_cb_pfr = disable
	romio_cb_fr_types = aar
	romio_cb_fr_alignment = 1
	romio_cb_ds_threshold = 0
	romio_cb_alltoall = automatic
	ind_rd_buffer_size = 4194304
	ind_wr_buffer_size = 524288
	romio_ds_read = automatic
	romio_ds_write = automatic
	cb_config_list = *:1
	romio_filesystem_type = LUSTRE:
	romio_aggregator_list = 0 
	striping_unit = 1048576
	striping_factor = 1
	romio_lustre_start_iodevice = 0
}
Commencing read performance test: Mon Jun  3 10:42:47 2024

Test 0: Iter=0, Task=0, Time=1717382567.078308, read open start
Test 0: Iter=0, Task=0, Time=1717382567.079642, read open stop
Test 0: Iter=0, Task=0, Time=1717382567.079666, read start
Test 0: Iter=0, Task=0, Time=1717382567.087179, read stop
Test 0: Iter=0, Task=0, Time=1717382567.087180, read close start
Test 0: Iter=0, Task=0, Time=1717382567.088435, read close stop
Test 0: Iter=0, Task=1, Time=1717382567.078311, read open start
Test 0: Iter=0, Task=1, Time=1717382567.079537, read open stop
Test 0: Iter=0, Task=1, Time=1717382567.079537, read start
Test 0: Iter=0, Task=1, Time=1717382567.087268, read stop
Test 0: Iter=0, Task=1, Time=1717382567.087269, read close start
Test 0: Iter=0, Task=1, Time=1717382567.088439, read close stop
Test 0: Iter=0, Task=2, Time=1717382567.078310, read open start
Test 0: Iter=0, Task=3, Time=1717382567.078566, read open start
Test 0: Iter=0, Task=3, Time=1717382567.079542, read open stop
Test 0: Iter=0, Task=3, Time=1717382567.079542, read start
Test 0: Iter=0, Task=3, Time=1717382567.087427, read stop
Test 0: Iter=0, Task=3, Time=1717382567.087428, read close start
Test 0: Iter=0, Task=3, Time=1717382567.088455, read close stop
Test 0: Iter=0, Task=4, Time=1717382567.078310, read open start
Test 0: Iter=0, Task=4, Time=1717382567.079539, read open stop
Test 0: Iter=0, Task=4, Time=1717382567.079539, read start
Test 0: Iter=0, Task=4, Time=1717382567.088209, read stop
Test 0: Iter=0, Task=4, Time=1717382567.088209, read close start
Test 0: Iter=0, Task=4, Time=1717382567.088432, read close stop
Test 0: Iter=0, Task=5, Time=1717382567.078314, read open start
Test 0: Iter=0, Task=5, Time=1717382567.079544, read open stop
Test 0: Iter=0, Task=5, Time=1717382567.079544, read start
Test 0: Iter=0, Task=5, Time=1717382567.087944, read stop
Test 0: Iter=0, Task=5, Time=1717382567.087945, read close start
Test 0: Iter=0, Task=5, Time=1717382567.088441, read close stop
Test 0: Iter=0, Task=6, Time=1717382567.078313, read open start
Test 0: Iter=0, Task=6, Time=1717382567.079544, read open stop
Test 0: Iter=0, Task=6, Time=1717382567.079544, read start
Test 0: Iter=0, Task=6, Time=1717382567.088002, read stop
Test 0: Iter=0, Task=6, Time=1717382567.088002, read close start
Test 0: Iter=0, Task=6, Time=1717382567.088432, read close stop
Test 0: Iter=0, Task=7, Time=1717382567.078559, read open start
Test 0: Iter=0, Task=7, Time=1717382567.079548, read open stop
Test 0: Iter=0, Task=7, Time=1717382567.079548, read start
Test 0: Iter=0, Task=7, Time=1717382567.088302, read stop
Test 0: Iter=0, Task=7, Time=1717382567.088302, read close start
Test 0: Iter=0, Task=7, Time=1717382567.088439, read close stop
Test 0: Iter=0, Task=8, Time=1717382567.078308, read open start
Test 0: Iter=0, Task=8, Time=1717382567.079539, read open stop
Test 0: Iter=0, Task=8, Time=1717382567.079539, read start
Test 0: Iter=0, Task=8, Time=1717382567.086976, read stop
Test 0: Iter=0, Task=8, Time=1717382567.086976, read close start
Test 0: Iter=0, Task=8, Time=1717382567.088423, read close stop
Test 0: Iter=0, Task=9, Time=1717382567.078314, read open start
Test 0: Iter=0, Task=9, Time=1717382567.079542, read open stop
Test 0: Iter=0, Task=9, Time=1717382567.079542, read start
Test 0: Iter=0, Task=9, Time=1717382567.087951, read stop
Test 0: Iter=0, Task=9, Time=1717382567.087952, read close start
Test 0: Iter=0, Task=9, Time=1717382567.088432, read close stop
Test 0: Iter=0, Task=10, Time=1717382567.078313, read open start
Test 0: Iter=0, Task=10, Time=1717382567.079542, read open stop
Test 0: Iter=0, Task=10, Time=1717382567.079542, read start
Test 0: Iter=0, Task=11, Time=1717382567.078562, read open start
Test 0: Iter=0, Task=11, Time=1717382567.079545, read open stop
Test 0: Iter=0, Task=11, Time=1717382567.079546, read start
Test 0: Iter=0, Task=11, Time=1717382567.088030, read stop
Test 0: Iter=0, Task=11, Time=1717382567.088030, read close start
Test 0: Iter=0, Task=11, Time=1717382567.088453, read close stop
Test 0: Iter=0, Task=12, Time=1717382567.078313, read open start
Test 0: Iter=0, Task=12, Time=1717382567.079542, read open stop
Test 0: Iter=0, Task=12, Time=1717382567.079543, read start
Test 0: Iter=0, Task=12, Time=1717382567.087242, read stop
Test 0: Iter=0, Task=12, Time=1717382567.087243, read close start
Test 0: Iter=0, Task=12, Time=1717382567.088449, read close stop
Test 0: Iter=0, Task=13, Time=1717382567.078317, read open start
Test 0: Iter=0, Task=13, Time=1717382567.079545, read open stop
Test 0: Iter=0, Task=13, Time=1717382567.079545, read start
Test 0: Iter=0, Task=13, Time=1717382567.087903, read stop
Test 0: Iter=0, Task=13, Time=1717382567.087904, read close start
Test 0: Iter=0, Task=13, Time=1717382567.088447, read close stop
Test 0: Iter=0, Task=14, Time=1717382567.078315, read open start
Test 0: Iter=0, Task=14, Time=1717382567.079545, read open stop
Test 0: Iter=0, Task=14, Time=1717382567.079545, read start
Test 0: Iter=0, Task=14, Time=1717382567.087889, read stop
Test 0: Iter=0, Task=14, Time=1717382567.087890, read close start
Test 0: Iter=0, Task=14, Time=1717382567.088433, read close stop
Test 0: Iter=0, Task=15, Time=1717382567.078562, read open start
Test 0: Iter=0, Task=15, Time=1717382567.079548, read open stop
Test 0: Iter=0, Task=15, Time=1717382567.079548, read start
Test 0: Iter=0, Task=15, Time=1717382567.087890, read stop
Test 0: Iter=0, Task=15, Time=1717382567.087891, read close start
Test 0: Iter=0, Task=15, Time=1717382567.088453, read close stop
Test 0: Iter=0, Task=10, Time=1717382567.088085, read stop
Test 0: Iter=0, Task=10, Time=1717382567.088085, read close start
Test 0: Iter=0, Task=10, Time=1717382567.088428, read close stop
Test 0: Iter=0, Task=2, Time=1717382567.079537, read open stop
Test 0: Iter=0, Task=2, Time=1717382567.079537, read start
Test 0: Iter=0, Task=2, Time=1717382567.087772, read stop
Test 0: Iter=0, Task=2, Time=1717382567.087772, read close start
Test 0: Iter=0, Task=2, Time=1717382567.088429, read close stop
read      12615      14604      0.000939    8192       1024.00    0.001334   0.008765   0.001479   0.010147   0   
task 0 removing testFile
remove    -          -          -           -          -          -          -          -          0.056197   0   
Max Write: 366.26 MiB/sec (384.05 MB/sec)
Max Read:  12614.74 MiB/sec (13227.52 MB/sec)

Summary of all tests:
Operation   Max(MiB)   Min(MiB)  Mean(MiB)     StdDev   Max(OPs)   Min(OPs)  Mean(OPs)     StdDev    Mean(s) Stonewall(s) Stonewall(MiB) Test# #Tasks tPN reps fPP reord reordoff reordrand seed segcnt   blksiz    xsize aggs(MiB)   API RefNum
write         366.26     366.26     366.26       0.00     366.26     366.26     366.26       0.00    0.34948         NA            NA     0     16   1    1   0     1        1         0    0      1  8388608  1048576     128.0 MPIIO      0
read        12614.74   12614.74   12614.74       0.00   12614.74   12614.74   12614.74       0.00    0.01015         NA            NA     0     16   1    1   0     1        1         0    0      1  8388608  1048576     128.0 MPIIO      0
Finished            : Mon Jun  3 10:42:47 2024
